#-----------------------------------------------------------
# Vivado v2018.2 (64-bit)
# SW Build 2258646 on Thu Jun 14 20:03:12 MDT 2018
# IP Build 2256618 on Thu Jun 14 22:10:49 MDT 2018
# Start of session at: Mon Apr 13 10:46:20 2020
# Process ID: 16700
# Current directory: F:/1fr/HWnLABS/CA/labs/lab2/RV321_Core
# Command line: vivado.exe -gui_launcher_event rodinguilauncherevent23324 F:\1fr\HWnLABS\CA\labs\lab2\RV321_Core\RV321_Core.xpr
# Log file: F:/1fr/HWnLABS/CA/labs/lab2/RV321_Core/vivado.log
# Journal file: F:/1fr/HWnLABS/CA/labs/lab2/RV321_Core\vivado.jou
#-----------------------------------------------------------
start_gui
open_project F:/1fr/HWnLABS/CA/labs/lab2/RV321_Core/RV321_Core.xpr
update_compile_order -fileset sources_1
launch_simulation
launch_simulation
launch_simulation
source testBench.tcl
current_wave_config {Untitled 1}
add_wave {{/testBench/RV32ICore1/inst_ID}} 
relaunch_sim
current_wave_config {Untitled 1}
add_wave {{/testBench/CPU_Debug_InstCache_A2}} 
relaunch_sim
current_wave_config {Untitled 1}
add_wave {{/testBench/RV32ICore1/IR_ID1/InstructionCache1/inst_cache}} 
current_wave_config {Untitled 1}
add_wave {{/testBench/RV32ICore1/IR_ID1/InstructionCache1/inst_cache}} 
current_wave_config {Untitled 1}
add_wave {{/testBench/RV32ICore1/IR_ID1/InstructionCache1/inst_cache}} 
relaunch_sim
current_wave_config {Untitled 1}
add_wave {{/testBench/RV32ICore1/IR_ID1/InstructionCache1/data}} 
current_wave_config {Untitled 1}
add_wave {{/testBench/RV32ICore1/IR_ID1/InstructionCache1/inst_cache}} 
relaunch_sim
run 100 us
run 10 us
relaunch_sim
run 10 us
run 10 us
run 10 us
relaunch_sim
run 10 us
run 10 us
relaunch_sim
run 10 us
run 10 us
run 10 us
relaunch_sim
run 10 us
run 10 us
run 10 us
run 10 us
run 10 us
relaunch_sim
run 10 us
run 10 us
run 10 us
run 10 us
run 10 us
