#-----------------------------------------------------------
# Vivado v2018.2 (64-bit)
# SW Build 2258646 on Thu Jun 14 20:03:12 MDT 2018
# IP Build 2256618 on Thu Jun 14 22:10:49 MDT 2018
# Start of session at: Thu May 21 19:52:39 2020
# Process ID: 8228
# Current directory: F:/1fr/HWnLABS/CA/labs/lab4/BHT
# Command line: vivado.exe -gui_launcher_event rodinguilauncherevent20416 F:\1fr\HWnLABS\CA\labs\lab4\BHT\BHT.xpr
# Log file: F:/1fr/HWnLABS/CA/labs/lab4/BHT/vivado.log
# Journal file: F:/1fr/HWnLABS/CA/labs/lab4/BHT\vivado.jou
#-----------------------------------------------------------
start_gui
open_project F:/1fr/HWnLABS/CA/labs/lab4/BHT/BHT.xpr
update_compile_order -fileset sources_1
export_ip_user_files -of_objects  [get_files F:/1fr/HWnLABS/CA/labs/lab4/LAB3CPU_BTB_BHT/Cache/DataCache.v] -no_script -reset -force -quiet
remove_files  F:/1fr/HWnLABS/CA/labs/lab4/LAB3CPU_BTB_BHT/Cache/DataCache.v
export_ip_user_files -of_objects  [get_files F:/1fr/HWnLABS/CA/labs/lab4/LAB3CPU_BTB_BHT/lru.sv] -no_script -reset -force -quiet
remove_files  F:/1fr/HWnLABS/CA/labs/lab4/LAB3CPU_BTB_BHT/lru.sv
export_ip_user_files -of_objects  [get_files F:/1fr/HWnLABS/CA/labs/lab4/LAB3CPU_BTB_BHT/cache_backup.sv] -no_script -reset -force -quiet
remove_files  F:/1fr/HWnLABS/CA/labs/lab4/LAB3CPU_BTB_BHT/cache_backup.sv
launch_simulation
source cpu_tb.tcl
current_wave_config {Untitled 1}
add_wave {{/cpu_tb/RV32ICore_tb_inst/RegisterFile1/reg_file}} 
relaunch_sim
run all
relaunch_sim
relaunch_sim
run all
close_sim
