#-----------------------------------------------------------
# Vivado v2018.2 (64-bit)
# SW Build 2258646 on Thu Jun 14 20:03:12 MDT 2018
# IP Build 2256618 on Thu Jun 14 22:10:49 MDT 2018
# Start of session at: Sun May 17 11:08:53 2020
# Process ID: 8040
# Current directory: F:/1fr/HWnLABS/CA/labs/lab3/Level1
# Command line: vivado.exe -gui_launcher_event rodinguilauncherevent13728 F:\1fr\HWnLABS\CA\labs\lab3\Level1\Level1.xpr
# Log file: F:/1fr/HWnLABS/CA/labs/lab3/Level1/vivado.log
# Journal file: F:/1fr/HWnLABS/CA/labs/lab3/Level1\vivado.jou
#-----------------------------------------------------------
start_gui
open_project F:/1fr/HWnLABS/CA/labs/lab3/Level1/Level1.xpr
update_compile_order -fileset sources_1
launch_runs synth_1 -jobs 4
wait_on_run synth_1
open_run synth_1 -name synth_1
report_utilization -name utilization_1
reset_run synth_1
launch_runs synth_1 -jobs 4
wait_on_run synth_1
close_design
open_run synth_1 -name synth_1
report_utilization -name utilization_1
reset_run synth_1
launch_runs synth_1 -jobs 4
wait_on_run synth_1
close_design
open_run synth_1 -name synth_1
report_utilization -name utilization_1
reset_run synth_1
launch_runs synth_1 -jobs 4
wait_on_run synth_1
close_design
open_run synth_1 -name synth_1
report_utilization -name utilization_1
reset_run synth_1
launch_runs synth_1 -jobs 4
wait_on_run synth_1
close_design
open_run synth_1 -name synth_1
report_utilization -name utilization_1
reset_run synth_1
launch_runs synth_1 -jobs 4
wait_on_run synth_1
close_design
open_run synth_1 -name synth_1
report_utilization -name utilization_1
reset_run synth_1
launch_runs synth_1 -jobs 4
wait_on_run synth_1
close_design
open_run synth_1 -name synth_1
report_utilization -name utilization_1
reset_run synth_1
launch_runs synth_1 -jobs 4
wait_on_run synth_1
reset_run synth_1
launch_runs synth_1 -jobs 4
wait_on_run synth_1
close_design
open_run synth_1 -name synth_1
report_utilization -name utilization_1
